Buy that, use that, break that, fix that,
Trash that, change that, mail, upgrade that,
Charge that, point that, zoom that, press that,
Snap that, work that, quick, erase that,
Write that, cut that, paste that, save that,
Load that, check that, quick, rewrite that
Plug that, play that, burn that, rip that,
Drag and drop that, zip, unzip that,
Lock that, fill that, curl that, find that,
View that, code that, jam, unlock that 
Surf that, scroll that, pose that, click that
Cross that, crack that, twitch, update that,
Name that, read that, tune that, print that,
Scan that, send that, fax, rename that,
Touch that, bring that, pay that, watch that,
Turn that, leave that, stop, format that.
Buy that, use that, break that, fix that,
Trash that, change that, mail, upgrade that,
Charge that, point that, zoom that, press that,
Snap that, work that, quick, erase that,
Write that, cut that, paste that, save that,
Load that, check that, quick, rewrite that
Plug that, play that, burn that, rip that,
Drag and drop that, zip, unzip that,
Lock that, fill that, curl that, find that,
View that, code that, jam, unlock that 
Surf that, scroll that, pose that, click that
Cross that, crack that, twitch, update that,
Name that, read that, tune that, print that,
Scan that, send that, fax, rename that,
Touch that, bring that, pay that, watch that,
Turn that, leave that, stop, format that.

Technologic, technologic, technologic, technologic.

Buy that, use that, break that, fix that,
Trash that, change that, mail, upgrade that,
Charge that, point that, zoom that, press that,
Snap that, work that, quick, erase that,
Write that, cut that, paste that, save that,
Load that, check that, quick, rewrite that
Plug that, play that, burn that, rip that,
Drag and drop that, zip, unzip that,
Lock that, fill that, curl that, find that,
View that, code that, jam, unlock that 
Surf that, scroll that, pose that, click that
Cross that, crack that, twitch, update that,
Name that, read that, tune that, print that,
Scan that, send that, fax, rename that,
Touch that, bring that, pay that, watch that,
Turn that, leave that, stop, format that.

Buy that, use that, break that, fix that,
Trash that, change that, mail, upgrade that,
Charge that, point that, zoom that, press that,
Snap that, work that, quick, erase that,
Write that, cut that, paste that, save that,
Load that, check that, quick, rewrite that
Plug that, play that, burn that, rip that,
Drag and drop that, zip, unzip that,
Touch that, bring that, pay that, watch that,
Turn that, leave that, stop, format that.

Touch that, scroll that, pose that, click that
Cross that, crack that, twitch, update that,

Lock that, fill that, curl that, find that,
View that, code that, jam, unlock that 

Buy that, use that, break that, fix that,
Trash that, change that, mail, upgrade that,
Charge that, point that, zoom that, press that,
Snap that, work that, quick, erase that,
Write that, cut that, paste that, save that,
Load that, check that, quick, rewrite that
Surf that, scroll that, pose that, click that
Cross that, crack that, twitch, update that,
Name that, read that, tune that, print that,
Scan that, send that, fax, rename that,
Touch that, bring that, pay that, watch that,
Turn that, leave that, stop, format that.

Buy that, use that, break that, fix that,
Trash that, change that, mail, upgrade that,
Charge that, point that, zoom that, press that,
Snap that, work that, quick, erase that,
Write that, cut that, paste that, save that,
Load that, check that, quick, rewrite that
Plug that, play that, burn that, rip that,
Drag and drop that, zip, unzip that,
Surf that, scroll that, pose that, click that
Cross that, crack that, twitch, update that,
Name that, read that, tune that, print that,
Scan that, send that, fax, rename that,
Touch that, bring that, pay that, watch that,
Turn that, leave that, stop, format that.

Buy that, use that, break that, fix that,
Trash that, change that, mail, upgrade that,
Charge that, point that, zoom that, press that,
Snap that, work that, quick, erase that,
Write that, cut that, paste that, save that,
Load that, check that, quick, rewrite that
Plug that, play that, burn that, rip that,
Drag and drop that, zip, unzip that,
Surf that, scroll that, pose that, click that
Cross that, crack that, twitch, update that,
Name that, read that, tune that, print that,
Scan that, send that, fax, rename that,

Buy that, use that, break that, fix that,
Trash that, change that, mail, upgrade that,
Charge that, point that, zoom that, press that,
Snap that, work that, quick, erase that,
Write that, cut that, paste that, save that,
Load that, check that, quick, rewrite that
Plug that, play that, burn that, rip that,
Drag and drop that, zip, unzip that,
Lock that, fill that, curl that, find that,
View that, code that, jam, unlock that 
Surf that, scroll that, pose that, click that
Cross that, crack that, twitch, update that,
Name that, read that, tune that, print that,
Scan that, send that, fax, rename that,
Touch that, bring that, pay that, watch that,
Turn that, leave that, stop, format that.

Technologic, technologic, technologic, technologic
Technologic, technologic, technologic, technologic